** Drc report for /Users/dylanhackett/V1/hardware/faceplate/vuulgaris-faceplate.kicad_pcb **
** Created on 2026-09-28 15:42:54 **

** Found 46 DRC violations **
[track_dangling]: Track has unconnected end
    Local override; Severity: warning
    @(328.9950 mm, 162.8250 mm): Track [/MSP430_RXD] on B.Cu, length 7.0050 mm
[track_dangling]: Track has unconnected end
    Local override; Severity: warning
    @(326.4550 mm, 162.3750 mm): Track [/MSP430_TXD] on B.Cu, length 9.5450 mm
[track_dangling]: Track has unconnected end
    Local override; Severity: warning
    @(331.5350 mm, 163.2750 mm): Track [/MSP_RST] on B.Cu, length 4.4650 mm
[track_dangling]: Track has unconnected end
    Local override; Severity: warning
    @(323.9150 mm, 161.9000 mm): Track [/P3V3_MSP430] on B.Cu, length 12.0850 mm
[via_dangling]: Via is not connected or connected on only one layer
    Local override; Severity: warning
    @(380.3000 mm, 124.2500 mm): Via [/PAD1_RX0] on F.Cu - B.Cu
[track_dangling]: Track has unconnected end
    Local override; Severity: warning
    @(377.1430 mm, 121.9530 mm): Track [/PAD1_RX3] on In1.Cu, length 0.6500 mm
[via_dangling]: Via is not connected or connected on only one layer
    Local override; Severity: warning
    @(390.9200 mm, 130.2500 mm): Via [/PAD2_RX3] on F.Cu - B.Cu
[track_dangling]: Track has unconnected end
    Local override; Severity: warning
    @(377.1430 mm, 139.9540 mm): Track [/PAD2_RX3] on In1.Cu, length 0.6500 mm
[via_dangling]: Via is not connected or connected on only one layer
    Local override; Severity: warning
    @(383.5000 mm, 136.2500 mm): Via [/PAD3_RX1] on F.Cu - B.Cu
[track_dangling]: Track has unconnected end
    Local override; Severity: warning
    @(265.7979 mm, 155.4535 mm): Track [/PAD3_RX1] on In1.Cu, length 111.9950 mm
[via_dangling]: Via is not connected or connected on only one layer
    Local override; Severity: warning
    @(388.0000 mm, 136.2500 mm): Via [/PAD3_RX2] on F.Cu - B.Cu
[track_dangling]: Track has unconnected end
    Local override; Severity: warning
    @(319.7979 mm, 149.7535 mm): Track [/PAD3_RX2] on In1.Cu, length 57.9950 mm
[via_dangling]: Via is not connected or connected on only one layer
    Local override; Severity: warning
    @(390.9200 mm, 136.2500 mm): Via [/PAD3_RX3] on F.Cu - B.Cu
[track_dangling]: Track has unconnected end
    Local override; Severity: warning
    @(377.1430 mm, 157.9540 mm): Track [/PAD3_RX3] on In1.Cu, length 0.6500 mm
[track_dangling]: Track has unconnected end
    Local override; Severity: warning
    @(377.1430 mm, 175.9540 mm): Track [/PAD4_RX3] on In1.Cu, length 0.6500 mm
[silk_over_copper]: Silkscreen clipped by solder mask
    Local override; Severity: warning
    @(383.9000 mm, 144.3500 mm): Circle on B.Silkscreen
[silk_over_copper]: Silkscreen clipped by solder mask
    Local override; Severity: warning
    @(366.6000 mm, 159.6000 mm): Circle on B.Silkscreen
[silk_over_copper]: Silkscreen clipped by solder mask
    Local override; Severity: warning
    @(363.6000 mm, 159.6000 mm): Circle on B.Silkscreen
[silk_over_copper]: Silkscreen clipped by solder mask
    Local override; Severity: warning
    @(391.3200 mm, 144.3500 mm): Circle on B.Silkscreen
[silk_over_copper]: Silkscreen clipped by solder mask
    Local override; Severity: warning
    @(382.3750 mm, 163.6500 mm): Circle on B.Silkscreen
[silk_over_copper]: Silkscreen clipped by solder mask
    Local override; Severity: warning
    @(379.1800 mm, 161.8500 mm): Circle on B.Silkscreen
[silk_over_copper]: Silkscreen clipped by solder mask
    Local override; Severity: warning
    @(391.3200 mm, 132.3500 mm): Circle on B.Silkscreen
[silk_over_copper]: Silkscreen clipped by solder mask
    Local override; Severity: warning
    @(383.9000 mm, 132.3500 mm): Circle on B.Silkscreen
[silk_over_copper]: Silkscreen clipped by solder mask
    Local override; Severity: warning
    @(388.4000 mm, 132.3500 mm): Circle on B.Silkscreen
[silk_over_copper]: Silkscreen clipped by solder mask
    Local override; Severity: warning
    @(388.4000 mm, 138.3500 mm): Circle on B.Silkscreen
[silk_over_copper]: Silkscreen clipped by solder mask
    Local override; Severity: warning
    @(383.9000 mm, 138.3500 mm): Circle on B.Silkscreen
[silk_over_copper]: Silkscreen clipped by solder mask
    Local override; Severity: warning
    @(391.3200 mm, 138.3500 mm): Circle on B.Silkscreen
[silk_over_copper]: Silkscreen clipped by solder mask
    Local override; Severity: warning
    @(388.8500 mm, 166.3000 mm): Circle on B.Silkscreen
[silk_over_copper]: Silkscreen clipped by solder mask
    Local override; Severity: warning
    @(388.8500 mm, 163.8000 mm): Circle on B.Silkscreen
[silk_over_copper]: Silkscreen clipped by solder mask
    Local override; Severity: warning
    @(384.6200 mm, 146.8750 mm): Circle on B.Silkscreen
[silk_over_copper]: Silkscreen clipped by solder mask
    Local override; Severity: warning
    @(380.7000 mm, 132.3500 mm): Circle on B.Silkscreen
[silk_over_copper]: Silkscreen clipped by solder mask
    Local override; Severity: warning
    @(380.7000 mm, 138.3500 mm): Circle on B.Silkscreen
[silk_over_copper]: Silkscreen clipped by solder mask
    Local override; Severity: warning
    @(391.3200 mm, 126.3500 mm): Circle on B.Silkscreen
[silk_over_copper]: Silkscreen clipped by solder mask
    Local override; Severity: warning
    @(388.4000 mm, 144.3500 mm): Circle on B.Silkscreen
[silk_over_copper]: Silkscreen clipped by solder mask
    Local override; Severity: warning
    @(387.5500 mm, 160.7750 mm): Circle on B.Silkscreen
[silk_over_copper]: Silkscreen clipped by solder mask
    Local override; Severity: warning
    @(380.7000 mm, 126.3500 mm): Circle on B.Silkscreen
[silk_over_copper]: Silkscreen clipped by solder mask
    Local override; Severity: warning
    @(388.4000 mm, 126.3500 mm): Circle on B.Silkscreen
[silk_over_copper]: Silkscreen clipped by solder mask
    Local override; Severity: warning
    @(383.9000 mm, 126.3500 mm): Circle on B.Silkscreen
[silk_over_copper]: Silkscreen clipped by solder mask
    Local override; Severity: warning
    @(381.1250 mm, 162.1000 mm): Circle on B.Silkscreen
[silk_over_copper]: Silkscreen clipped by solder mask
    Local override; Severity: warning
    @(328.9950 mm, 155.5000 mm): Reference 'J1'
[silk_over_copper]: Silkscreen clipped by solder mask
    Local override; Severity: warning
    @(339.2550 mm, 167.0600 mm): Line on B.Silkscreen
[silk_over_copper]: Silkscreen clipped by solder mask
    Local override; Severity: warning
    @(339.2550 mm, 157.9400 mm): Line on B.Silkscreen
[silk_over_copper]: Silkscreen clipped by solder mask
    Local override; Severity: warning
    @(339.2550 mm, 157.9400 mm): Line on B.Silkscreen
[silk_over_copper]: Silkscreen clipped by solder mask
    Local override; Severity: warning
    @(323.1450 mm, 167.0600 mm): Line on B.Silkscreen
[silk_over_copper]: Silkscreen clipped by solder mask
    Local override; Severity: warning
    @(323.1450 mm, 157.9400 mm): Line on B.Silkscreen
[silk_over_copper]: Silkscreen clipped by solder mask
    Local override; Severity: warning
    @(380.7000 mm, 144.3500 mm): Circle on B.Silkscreen

** Found 13 unconnected pads **
[unconnected_items]: Missing connection between items
    Local override; Severity: error
    @(382.7176 mm, 128.6534 mm): Track [/GND] on B.Cu, length 3.0068 mm
    @(384.2824 mm, 125.6466 mm): Track [/GND] on B.Cu, length 0.1165 mm
[unconnected_items]: Missing connection between items
    Local override; Severity: error
    @(391.6200 mm, 137.1500 mm): Pad 2 [/GND] of D34 on B.Cu
    @(388.7839 mm, 131.2339 mm): Track [/GND] on B.Cu, length 5.8322 mm
[unconnected_items]: Missing connection between items
    Local override; Severity: error
    @(389.4600 mm, 142.3900 mm): Track [/GND] on B.Cu, length 1.0748 mm
    @(385.1199 mm, 144.0699 mm): Track [/GND] on B.Cu, length 0.1301 mm
[unconnected_items]: Missing connection between items
    Local override; Severity: error
    @(360.0000 mm, 160.0000 mm): Track [/MSP430_RXD] on B.Cu, length 1.0732 mm
    @(328.9950 mm, 162.8250 mm): Track [/MSP430_RXD] on B.Cu, length 7.0050 mm
[unconnected_items]: Missing connection between items
    Local override; Severity: error
    @(365.1500 mm, 160.0000 mm): Pad 2 [/MSP430_TXD] of R2 on B.Cu
    @(356.4000 mm, 160.0000 mm): Pad 1 [/MSP430_TXD] of TP5 on B.Cu
[unconnected_items]: Missing connection between items
    Local override; Severity: error
    @(326.4550 mm, 162.3750 mm): Track [/MSP430_TXD] on B.Cu, length 9.5450 mm
    @(356.4000 mm, 160.0000 mm): Pad 1 [/MSP430_TXD] of TP5 on B.Cu
[unconnected_items]: Missing connection between items
    Local override; Severity: error
    @(385.7000 mm, 158.1000 mm): Pad 4 [/MSP430_TXD] of U1 on B.Cu
    @(365.1500 mm, 160.0000 mm): Pad 2 [/MSP430_TXD] of R2 on B.Cu
[unconnected_items]: Missing connection between items
    Local override; Severity: error
    @(345.6000 mm, 160.0000 mm): Track [/MSP_RST] on B.Cu, length 7.1784 mm
    @(331.5350 mm, 163.2750 mm): Track [/MSP_RST] on B.Cu, length 4.4650 mm
[unconnected_items]: Missing connection between items
    Local override; Severity: error
    @(323.9150 mm, 161.9000 mm): Track [/P3V3_MSP430] on B.Cu, length 12.0850 mm
    @(349.2000 mm, 160.0000 mm): Track [/P3V3_MSP430] on B.Cu, length 1.5685 mm
[unconnected_items]: Missing connection between items
    Local override; Severity: error
    @(390.9200 mm, 131.1500 mm): Track [/PAD2_RX3] on B.Cu, length 1.2500 mm
    @(373.7979 mm, 140.1261 mm): Track [/PAD2_RX3] on In1.Cu, length 3.9987 mm
[unconnected_items]: Missing connection between items
    Local override; Severity: error
    @(265.7979 mm, 155.4535 mm): Track [/PAD3_RX1] on In1.Cu, length 111.9950 mm
    @(383.5000 mm, 137.1500 mm): Track [/PAD3_RX1] on B.Cu, length 1.2500 mm
[unconnected_items]: Missing connection between items
    Local override; Severity: error
    @(319.7979 mm, 149.7535 mm): Track [/PAD3_RX2] on In1.Cu, length 57.9950 mm
    @(388.0000 mm, 137.1500 mm): Track [/PAD3_RX2] on B.Cu, length 1.2500 mm
[unconnected_items]: Missing connection between items
    Local override; Severity: error
    @(373.7979 mm, 158.1261 mm): Track [/PAD3_RX3] on In1.Cu, length 3.9987 mm
    @(390.9200 mm, 137.1500 mm): Track [/PAD3_RX3] on B.Cu, length 1.2500 mm

** Found 0 Footprint errors **

** End of Report **
