** Drc report for /Users/dylanhackett/V1/hardware/kicad/vuulgaris.kicad_pcb **
** Created on 2026-09-09 21:58:29 **

** Found 14 DRC violations **
[annular_width]: Annular width (board setup constraints min annular width 0.1000 mm; actual 0.0000 mm)
    Rule: board setup constraints; Severity: error
    @(297.5480 mm, 55.0490 mm): PTH pad [<no net>] of DS1
[annular_width]: Annular width (board setup constraints min annular width 0.1000 mm; actual 0.0000 mm)
    Rule: board setup constraints; Severity: error
    @(297.5480 mm, 94.0490 mm): PTH pad [<no net>] of DS1
[annular_width]: Annular width (board setup constraints min annular width 0.1000 mm; actual 0.0000 mm)
    Rule: board setup constraints; Severity: error
    @(365.5480 mm, 55.0490 mm): PTH pad [<no net>] of DS1
[annular_width]: Annular width (board setup constraints min annular width 0.1000 mm; actual 0.0000 mm)
    Rule: board setup constraints; Severity: error
    @(365.5480 mm, 94.0490 mm): PTH pad [<no net>] of DS1
[annular_width]: Annular width (board setup constraints min annular width 0.1000 mm; actual 0.0000 mm)
    Rule: board setup constraints; Severity: error
    @(376.1700 mm, 55.9700 mm): PTH pad [<no net>] of J11
[annular_width]: Annular width (board setup constraints min annular width 0.1000 mm; actual 0.0000 mm)
    Rule: board setup constraints; Severity: error
    @(370.3700 mm, 55.9700 mm): PTH pad [<no net>] of J11
[annular_width]: Annular width (board setup constraints min annular width 0.1000 mm; actual 0.0000 mm)
    Rule: board setup constraints; Severity: error
    @(380.1200 mm, 81.6200 mm): PTH pad [<no net>] of J1
[annular_width]: Annular width (board setup constraints min annular width 0.1000 mm; actual 0.0000 mm)
    Rule: board setup constraints; Severity: error
    @(380.1200 mm, 89.6200 mm): PTH pad [<no net>] of J1
[clearance]: Clearance violation (netclass 'Default' clearance 0.2000 mm; actual 0.0000 mm)
    Rule: netclass 'Default'; Severity: error
    @(180.8548 mm, 111.6326 mm): Track [/BBD_VGG_L] on In1.Cu, length 2.9594 mm
    @(181.4422 mm, 111.2952 mm): Via [/BBD_CLK_L] on F.Cu - B.Cu
[clearance]: Clearance violation (netclass 'Default' clearance 0.2000 mm; actual 0.1524 mm)
    Rule: netclass 'Default'; Severity: error
    @(180.8548 mm, 111.7360 mm): Track [/BBD_VGG_L] on In1.Cu, length 0.1034 mm
    @(181.4422 mm, 111.2952 mm): Via [/BBD_CLK_L] on F.Cu - B.Cu
[clearance]: Clearance violation (netclass 'Default' clearance 0.2000 mm; actual 0.1002 mm)
    Rule: netclass 'Default'; Severity: error
    @(376.4700 mm, 57.2300 mm): Pad A1B12 [/GND] of J11 on F.Cu
    @(375.6700 mm, 57.2300 mm): Pad A4B9 [/VBUS] of J11 on F.Cu
[clearance]: Clearance violation (netclass 'Default' clearance 0.2000 mm; actual 0.1499 mm)
    Rule: netclass 'Default'; Severity: error
    @(375.6700 mm, 57.2300 mm): Pad A4B9 [/VBUS] of J11 on F.Cu
    @(375.0200 mm, 57.2300 mm): Pad B8 [unconnected-(J11-SBU2-PadB8)] of J11 on F.Cu
[clearance]: Clearance violation (netclass 'Default' clearance 0.2000 mm; actual 0.1000 mm)
    Rule: netclass 'Default'; Severity: error
    @(370.0700 mm, 57.2300 mm): Pad B1A12 [/GND] of J11 on F.Cu
    @(370.8700 mm, 57.2300 mm): Pad B4A9 [/VBUS] of J11 on F.Cu
[clearance]: Clearance violation (netclass 'Default' clearance 0.2000 mm; actual 0.1498 mm)
    Rule: netclass 'Default'; Severity: error
    @(370.8700 mm, 57.2300 mm): Pad B4A9 [/VBUS] of J11 on F.Cu
    @(371.5200 mm, 57.2300 mm): Pad B5 [/CC2] of J11 on F.Cu

** Found 12 unconnected pads **
[unconnected_items]: Missing connection between items
    Local override; Severity: error
    @(370.0700 mm, 57.2300 mm): Pad B1A12 [/GND] of J11 on F.Cu
    @(368.9400 mm, 56.4700 mm): PTH pad 1 [/GND] of J11
[unconnected_items]: Missing connection between items
    Local override; Severity: error
    @(193.9271 mm, 101.2427 mm): Via [/GND] on F.Cu - B.Cu
    @(193.9700 mm, 104.4700 mm): Pad 2 [/GND] of C110 on B.Cu
[unconnected_items]: Missing connection between items
    Local override; Severity: error
    @(164.8570 mm, 93.8130 mm): Pad 2 [/GND] of C108 on B.Cu
    @(163.8190 mm, 97.2900 mm): Track [/GND] on B.Cu, length 1.3500 mm
[unconnected_items]: Missing connection between items
    Local override; Severity: error
    @(207.7000 mm, 142.0000 mm): Pad 2 [/GND] of C409 on F.Cu
    @(207.7500 mm, 146.0000 mm): Track [/GND] on F.Cu, length 1.2500 mm
[unconnected_items]: Missing connection between items
    Local override; Severity: error
    @(156.7200 mm, 99.9400 mm): Track [/GND] on F.Cu, length 0.8000 mm
    @(148.7500 mm, 98.0000 mm): Pad 2 [/GND] of R106 on B.Cu
[unconnected_items]: Missing connection between items
    Local override; Severity: error
    @(193.9230 mm, 161.0000 mm): Track [/GND] on B.Cu, length 0.8000 mm
    @(188.8750 mm, 153.3000 mm): Pad 8 [/GND] of U204 on B.Cu
[unconnected_items]: Missing connection between items
    Local override; Severity: error
    @(128.0760 mm, 150.1930 mm): PTH pad 3 [/BTN4] of SW7
    @(129.5578 mm, 146.5948 mm): Track [/BTN4] on In1.Cu, length 16.1418 mm
[unconnected_items]: Missing connection between items
    Local override; Severity: error
    @(375.6700 mm, 57.2300 mm): Pad A4B9 [/VBUS] of J11 on F.Cu
    @(370.8700 mm, 57.2300 mm): Pad B4A9 [/VBUS] of J11 on F.Cu
[unconnected_items]: Missing connection between items
    Local override; Severity: error
    @(370.8700 mm, 57.2300 mm): Pad B4A9 [/VBUS] of J11 on F.Cu
    @(364.7950 mm, 63.1200 mm): Track [/VBUS] on B.Cu, length 1.1516 mm
[unconnected_items]: Missing connection between items
    Local override; Severity: error
    @(362.6681 mm, 61.8970 mm): Via [/CC2] on F.Cu - B.Cu
    @(371.5200 mm, 57.2300 mm): Pad B5 [/CC2] of J11 on F.Cu
[unconnected_items]: Missing connection between items
    Local override; Severity: error
    @(128.0760 mm, 157.8130 mm): Track [/BTN6] on In1.Cu, length 9.1867 mm
    @(128.0760 mm, 162.8930 mm): PTH pad 3 [/BTN6] of SW9
[unconnected_items]: Missing connection between items
    Local override; Severity: error
    @(161.8860 mm, 146.0000 mm): Track [/BBD_SIGIN_R] on F.Cu, length 10.2420 mm
    @(188.0980 mm, 145.0800 mm): PTH pad 7 [/BBD_SIGIN_R] of U201

** Found 0 Footprint errors **

** End of Report **
